// Jest Snapshot v1, https://goo.gl/fbAQLP

exports[`Loader 1`] = `
<div
  className="sc-AxjAm jnWFAI"
>
  <p>
    Loading ...
  </p>
</div>
`;
